// Jest Snapshot v1, https://goo.gl/fbAQLP

exports[`easings Easing Back: In 1`] = `
Array [
  -0,
  -0.014314220000000002,
  -0.04645056000000001,
  -0.08019954000000001,
  -0.08769750000000004,
  0.1825903124999999,
  0.8646425013399996,
  0.9999999999999998,
]
`;

exports[`easings Easing Back: InOut 1`] = `
Array [
  -0,
  -0.037518552000000004,
  -0.092555656,
  -0.07883348399999998,
  0.5,
  1.09968184375,
  1.004282586874,
  1,
]
`;

exports[`easings Easing Back: Out 1`] = `
Array [
  2.220446049250313e-16,
  0.4088279800000001,
  0.7058022399999999,
  0.9071322600000002,
  1.0876975,
  1.0641365625,
  1.00145847934,
  1,
]
`;

exports[`easings Easing Bounce: In 1`] = `
Array [
  0,
  0.01187500000000008,
  0.06000000000000005,
  0.06937499999999996,
  0.234375,
  0.52734375,
  0.99319375,
  1,
]
`;

exports[`easings Easing Bounce: InOut 1`] = `
Array [
  0,
  0.030000000000000027,
  0.11375000000000002,
  0.045000000000000095,
  0.5,
  0.8828125,
  0.9929875,
  1,
]
`;

exports[`easings Easing Bounce: Out 1`] = `
Array [
  0,
  0.07562500000000001,
  0.30250000000000005,
  0.6806249999999999,
  0.765625,
  0.97265625,
  0.98618125,
  1,
]
`;

exports[`easings Easing Circular: In 1`] = `
Array [
  0,
  0.005012562893380035,
  0.020204102886728803,
  0.04606079858305434,
  0.1339745962155614,
  0.3385621722338523,
  0.7568950843771356,
  1,
]
`;

exports[`easings Easing Circular: InOut 1`] = `
Array [
  -0,
  0.010102051443364402,
  0.041742430504416006,
  0.09999999999999998,
  0.5,
  0.9330127018922193,
  0.9990991885387113,
  1,
]
`;

exports[`easings Easing Circular: Out 1`] = `
Array [
  0,
  0.4358898943540673,
  0.5999999999999999,
  0.714142842854285,
  0.8660254037844386,
  0.9682458365518543,
  0.9995498987044118,
  1,
]
`;

exports[`easings Easing Cubic: In 1`] = `
Array [
  0,
  0.0010000000000000002,
  0.008000000000000002,
  0.027,
  0.125,
  0.421875,
  0.912673,
  1,
]
`;

exports[`easings Easing Cubic: InOut 1`] = `
Array [
  0,
  0.004000000000000001,
  0.03200000000000001,
  0.108,
  0.5,
  0.9375,
  0.999892,
  1,
]
`;

exports[`easings Easing Cubic: Out 1`] = `
Array [
  0,
  0.2709999999999999,
  0.4879999999999999,
  0.657,
  0.875,
  0.984375,
  0.999973,
  1,
]
`;

exports[`easings Easing Elastic: In 1`] = `
Array [
  0,
  1.1959441397923372e-18,
  0.00390625,
  -3.827021247335479e-18,
  1.1481063742006436e-17,
  -0.12500000000000003,
  0.7237221844410416,
  1,
]
`;

exports[`easings Easing Elastic: InOut 1`] = `
Array [
  0,
  0.001953125,
  -0.0078125,
  0.03125,
  0.5,
  1,
  1.000435017502173,
  1,
]
`;

exports[`easings Easing Elastic: Out 1`] = `
Array [
  0,
  1,
  1.25,
  1,
  1,
  0.99609375,
  1.001071247758309,
  1,
]
`;

exports[`easings Easing Exponential: In 1`] = `
Array [
  0,
  0.0019531249999999998,
  0.0039062499999999987,
  0.007812500000000002,
  0.03125,
  0.17677669529663687,
  0.8122523963562354,
  1,
]
`;

exports[`easings Easing Exponential: InOut 1`] = `
Array [
  0,
  0.0019531249999999993,
  0.007812500000000002,
  0.031249999999999997,
  0.5,
  0.984375,
  0.9992599040202585,
  1,
]
`;

exports[`easings Easing Exponential: Out 1`] = `
Array [
  0,
  0.5,
  0.75,
  0.875,
  0.96875,
  0.99447572827198,
  0.9987977105338428,
  1,
]
`;

exports[`easings Easing Linear: None 1`] = `
Array [
  0,
  0.1,
  0.2,
  0.3,
  0.5,
  0.75,
  0.97,
  1,
]
`;

exports[`easings Easing Quadratic: In 1`] = `
Array [
  0,
  0.010000000000000002,
  0.04000000000000001,
  0.09,
  0.25,
  0.5625,
  0.9409,
  1,
]
`;

exports[`easings Easing Quadratic: InOut 1`] = `
Array [
  0,
  0.020000000000000004,
  0.08000000000000002,
  0.18,
  0.5,
  0.875,
  0.9982,
  1,
]
`;

exports[`easings Easing Quadratic: Out 1`] = `
Array [
  0,
  0.19,
  0.36000000000000004,
  0.51,
  0.75,
  0.9375,
  0.9991,
  1,
]
`;

exports[`easings Easing Quartic: In 1`] = `
Array [
  0,
  0.00010000000000000003,
  0.0016000000000000005,
  0.0081,
  0.0625,
  0.31640625,
  0.8852928099999999,
  1,
]
`;

exports[`easings Easing Quartic: InOut 1`] = `
Array [
  0,
  0.0008000000000000003,
  0.012800000000000004,
  0.0648,
  0.5,
  0.96875,
  0.99999352,
  1,
]
`;

exports[`easings Easing Quartic: Out 1`] = `
Array [
  0,
  0.3438999999999999,
  0.5903999999999998,
  0.7599,
  0.9375,
  0.99609375,
  0.99999919,
  1,
]
`;

exports[`easings Easing Quintic: In 1`] = `
Array [
  0,
  0.000010000000000000004,
  0.00032000000000000013,
  0.00243,
  0.03125,
  0.2373046875,
  0.8587340256999999,
  1,
]
`;

exports[`easings Easing Quintic: InOut 1`] = `
Array [
  0,
  0.00016000000000000007,
  0.005120000000000002,
  0.03888,
  0.5,
  0.984375,
  0.9999996112,
  1,
]
`;

exports[`easings Easing Quintic: Out 1`] = `
Array [
  0,
  0.4095099999999998,
  0.6723199999999998,
  0.8319300000000001,
  0.96875,
  0.9990234375,
  0.9999999757,
  1,
]
`;

exports[`easings Easing Sinusoidal: In 1`] = `
Array [
  0,
  0.01231165940486223,
  0.04894348370484647,
  0.1089934758116321,
  0.2928932188134524,
  0.6173165676349102,
  0.9528935492903573,
  0.9999999999999999,
]
`;

exports[`easings Easing Sinusoidal: InOut 1`] = `
Array [
  0,
  0.024471741852423234,
  0.09549150281252627,
  0.20610737385376343,
  0.49999999999999994,
  0.8535533905932737,
  0.99778098230154,
  1,
]
`;

exports[`easings Easing Sinusoidal: Out 1`] = `
Array [
  0,
  0.15643446504023087,
  0.3090169943749474,
  0.45399049973954675,
  0.7071067811865475,
  0.9238795325112867,
  0.99888987496197,
  1,
]
`;
